// Jest Snapshot v1, https://goo.gl/fbAQLP

exports[`CurrentDialog component renders CurrentDialog component 1`] = `ShallowWrapper {}`;

exports[`DialogItem component renders DialogItem component 1`] = `ShallowWrapper {}`;

exports[`Dialogs component renders Dialogs component 1`] = `ShallowWrapper {}`;
